> Task :app:checkKotlinGradlePluginConfigurationErrors
> Task :app:preBuild UP-TO-DATE
> Task :app:preDebugBuild UP-TO-DATE
> Task :app:dataBindingMergeDependencyArtifactsDebug UP-TO-DATE
> Task :app:generateDebugResValues UP-TO-DATE
> Task :app:generateDebugResources UP-TO-DATE
> Task :app:mergeDebugResources UP-TO-DATE
> Task :app:packageDebugResources UP-TO-DATE
> Task :app:parseDebugLocalResources UP-TO-DATE
> Task :app:dataBindingGenBaseClassesDebug UP-TO-DATE
> Task :app:checkDebugAarMetadata UP-TO-DATE
> Task :app:mapDebugSourceSetPaths UP-TO-DATE
> Task :app:createDebugCompatibleScreenManifests UP-TO-DATE
> Task :app:extractDeepLinksDebug UP-TO-DATE
> Task :app:processDebugMainManifest UP-TO-DATE
> Task :app:processDebugManifest UP-TO-DATE
> Task :app:processDebugManifestForPackage UP-TO-DATE
> Task :app:processDebugResources UP-TO-DATE

> Task :app:compileDebugKotlin
.\gradlew.bat : e: file:///D:/project/AndroidClaw/app/src/main/java/com/and
roidclaw/app/ui/MainActivity.kt:118:47 Unresolved reference: RecyclerView
所在位置 行:1 字符: 1
+ .\gradlew.bat compileDebugKotlin > build_output.txt 2>&1
+ ~~~~~~~~~~~~~~~~~~~~~~~~~~~~~~~~~~~~~~~~~~~~~~~~~~~~~~~~
    + CategoryInfo          : NotSpecified: (e: file:///D:/p...e: Recycl   
 erView:String) [], RemoteException
    + FullyQualifiedErrorId : NativeCommandError
 
e: file:///D:/project/AndroidClaw/app/src/main/java/com/androidclaw/app/ui/
MainActivity.kt:118:73 Unresolved reference: RecyclerView
e: file:///D:/project/AndroidClaw/app/src/main/java/com/androidclaw/app/ui/
MainActivity.kt:118:106 Unresolved reference: RecyclerView
e: file:///D:/project/AndroidClaw/app/src/main/java/com/androidclaw/app/ui/
MainActivity.kt:119:47 Unresolved reference: RecyclerView

> Task :app:compileDebugKotlin FAILED

FAILURE: Build failed with an exception.

* What went wrong:
Execution failed for task ':app:compileDebugKotlin'.
> A failure occurred while executing org.jetbrains.kotlin.compilerRunner.Gr
adleCompilerRunnerWithWorkers$GradleKotlinCompilerWorkAction
   > Compilation error. See log for more details

* Try:
> Run with --stacktrace option to get the stack trace.
> Run with --info or --debug option to get more log output.
> Run with --scan to get full insights.
> Get more help at https://help.gradle.org.

BUILD FAILED in 4s
16 actionable tasks: 2 executed, 14 up-to-date
